PHP Warning:  PHP Startup: Unable to load dynamic library 'zlib' (tried: C:\xampp\php\ext\zlib (No se puede encontrar el módulo especificado), C:\xampp\php\ext\php_zlib.dll (No se puede encontrar el módulo especificado)) in Unknown on line 0
PHP Warning:  PHP Startup: Invalid library (appears to be a Zend Extension, try loading using zend_extension=opcache from php.ini) in Unknown on line 0
PHP Warning:  Module "openssl" is already loaded in Unknown on line 0

Warning: PHP Startup: Unable to load dynamic library 'zlib' (tried: C:\xampp\php\ext\zlib (No se puede encontrar el módulo especificado), C:\xampp\php\ext\php_zlib.dll (No se puede encontrar el módulo especificado)) in Unknown on line 0

Warning: PHP Startup: Invalid library (appears to be a Zend Extension, try loading using zend_extension=opcache from php.ini) in Unknown on line 0

Warning: Module "openssl" is already loaded in Unknown on line 0
=== PRUEBA DE ENVÍO DE FORMULARIO ===

DB: Conexión establecida correctamente a la base de datos 'rmie'
